Object
    ( fromList
        [
            ( "bar"
            , String "obj['a b cde-fgh']"
            )
        ,
            ( "foo"
            , String "obj['x-y']"
            )
        ]
    )