Right (Array [Array [Array [String "Wilkerson Gill",String "Gonzalez Long",String "Hanson Ellison"],Array [String "Shanna Emerson",String "Charmaine Tate",String "Elisa Albert"],Array [String "Ford Crosby",String "Owens Vaughn",String "Lesley Lopez"],Array [String "Megan Hahn",String "Green Mathews",String "Maddox Tucker"],Array [String "Patton Larson",String "Casey Grimes",String "Geneva Carroll"]]])