Right (Array [Array [Array [Array [String "Wilkerson Gill"],Array [String "Gonzalez Long"],Array [String "Hanson Ellison"]],Array [Array [String "Shanna Emerson"],Array [String "Charmaine Tate"],Array [String "Elisa Albert"]],Array [Array [String "Ford Crosby"],Array [String "Owens Vaughn"],Array [String "Lesley Lopez"]],Array [Array [String "Megan Hahn"],Array [String "Green Mathews"],Array [String "Maddox Tucker"]],Array [Array [String "Patton Larson"],Array [String "Casey Grimes"],Array [String "Geneva Carroll"]]]])