Right (Array [Array [String "not active",String "brown",String "blue",String "brown",String "blue"]])