Right (Array [Array [Array [Object (fromList [("name",String "Wilkerson Gill")]),Object (fromList [("name",String "Gonzalez Long")]),Object (fromList [("name",String "Hanson Ellison")])],Array [Object (fromList [("name",String "Shanna Emerson")]),Object (fromList [("name",String "Charmaine Tate")]),Object (fromList [("name",String "Elisa Albert")])],Array [Object (fromList [("name",String "Ford Crosby")]),Object (fromList [("name",String "Owens Vaughn")]),Object (fromList [("name",String "Lesley Lopez")])],Array [Object (fromList [("name",String "Megan Hahn")]),Object (fromList [("name",String "Green Mathews")]),Object (fromList [("name",String "Maddox Tucker")])],Array [Object (fromList [("name",String "Patton Larson")]),Object (fromList [("name",String "Casey Grimes")]),Object (fromList [("name",String "Geneva Carroll")])]]])