Right (Array [Array [String "blue",String "brown",String "blue",String "brown",String "blue"]])