Object
    ( fromList
        [
            ( "author"
            , Object
                ( fromList
                    [
                        ( "name"
                        , Path
                            [ Obj "$"
                            , Obj "event"
                            , Obj "name"
                            ]
                        )
                    ,
                        ( "articles"
                        , Array
                            [ Range Nothing "x"
                                [ Obj "$"
                                , Obj "event"
                                , Obj "author"
                                , Obj "articles"
                                ]
                                ( Iff
                                    ( Path
                                        [ Obj "x"
                                        , Obj "published"
                                        ]
                                    )
                                    ( Object
                                        ( fromList
                                            [
                                                ( "title"
                                                , Path
                                                    [ Obj "x"
                                                    , Obj "title"
                                                    ]
                                                )
                                            ,
                                                ( "id"
                                                , Path
                                                    [ Obj "x"
                                                    , Obj "id"
                                                    ]
                                                )
                                            ]
                                        )
                                    ) Null
                                )
                            ]
                        )
                    ,
                        ( "age"
                        , Path
                            [ Obj "$"
                            , Obj "event"
                            , Obj "age"
                            ]
                        )
                    ]
                )
            )
        ]
    )