Iff
    ( Path
        [ Obj "$"
        , Obj "foo"
        ]
    )
    ( Number 1.0 ) Null